// Jest Snapshot v1, https://goo.gl/fbAQLP

exports[`EtablissementHeader.vue Snapshot testing It match the snapshot 1`] = `
<div
  class="company"
>
  <div
    class="company__main"
  >
    <div
      class="title__block"
    >
      <h2>
        
        
        
        <span
          class="company__siren"
        >
          (
          <span />
          )
        </span>
      </h2>
       
      <!---->
       
      <div
        class="subtitle"
      >
        <div>
          
        </div>
         
        <div>
          
        </div>
      </div>
       
      <div
        class="second__subtitle"
      >
        
          
        
      </div>
       
      <!---->
       
      <etablissement-sirene-children-stub />
       
      <a>
        
        Fiche d'immatriculation au RNCS
      
      </a>
       
      <etablissement-header-timestamp-stub
        resultrna="[object Object]"
        resultsirene="[object Object]"
      />
    </div>
     
    <etablissement-map-stub
      coordinates=""
      etablissement="[object Object]"
    />
  </div>
</div>
`;
