// Jest Snapshot v1, https://goo.gl/fbAQLP

exports[`EtablissementSireneContact.vue snapshot It match the snapshot 1`] = `
<div
  class="company__panel panel"
>
  <h4>
    Contact
  </h4>
   
  <div
    class="company__item"
  >
    <label
      class="company__item-key"
    >
      Gérant
    </label>
     
    <div
      class="company__item-value"
    >
      
      Jean yves SMITH
    
    </div>
  </div>
   
  <div
    class="company__item"
  >
    <label
      class="company__item-key"
    >
      Adresse
    </label>
     
    <div
      class="company__item-value"
    >
      
        
    
    </div>
  </div>
   
  <div
    class="company__item"
  >
    <label
      class="company__item-key"
    >
      Ville
    </label>
     
    <div
      class="company__item-value"
    >
      
      75000 PARIS
    
    </div>
  </div>
   
  <div
    class="company__item"
  >
    <label
      class="company__item-key"
    >
      Cedex
    </label>
     
    <div
      class="company__item-value"
    >
      
      5
    
    </div>
  </div>
   
  <div
    class="company__item"
  >
    <label
      class="company__item-key"
    >
      Date de création
    </label>
     
    <div
      class="company__item-value"
    >
      01/01/2007
    </div>
  </div>
   
  <div
    class="company__item"
  >
    <label
      class="company__item-key"
    >
      Tranche d’effectif salariés
    </label>
     
    <div
      class="company__item-value"
    >
      
      Non renseigné
    
    </div>
  </div>
</div>
`;
