// Jest Snapshot v1, https://goo.gl/fbAQLP

exports[`FooterEtalab.vue snapshot testing It match the snapshot 1`] = `
<footer
  class="footer"
>
  <div
    class="container"
  >
    <div
      class="footer__logo"
    >
      <a
        href="https://www.etalab.gouv.fr"
        target="_blank"
      >
        <img
          src="../assets/img/etalab.svg"
        />
      </a>
       
      <ul
        class="footer__social"
      >
        <li>
          <a
            href="https://www.twitter.com/etalab"
          >
            <svg
              class="icon icon-twitter"
            >
              <use
                xlink:href="#icon-twitter"
              />
            </svg>
          </a>
        </li>
         
        <li>
          <a
            href="https://www.github.com/etalab"
          >
            <svg
              class="icon icon-github"
            >
              <use
                xlink:href="#icon-github"
              />
            </svg>
          </a>
        </li>
         
        <li>
          <a
            href="https://www.facebook.com/etalab"
          >
            <svg
              class="icon icon-fb"
            >
              <use
                xlink:href="#icon-fb"
              />
            </svg>
          </a>
        </li>
         
        <li>
          <a
            href="mailto:info@data.gouv.fr"
          >
            <svg
              class="icon icon-mail"
            >
              <use
                xlink:href="#icon-mail"
              />
            </svg>
          </a>
        </li>
      </ul>
    </div>
     
    <ul
      class="footer__links"
    >
      <li>
        <h2
          class="fit-mobile"
        >
          <a
            href="https://entreprise.data.gouv.fr/"
          >
            entreprise.data.gouv.fr
          </a>
        </h2>
      </li>
       
      <li>
        <a
          href="https://www.data.gouv.fr/fr/datasets/base-sirene-des-entreprises-et-de-leurs-etablissements-siren-siret/"
        >
          Données de référence
        </a>
      </li>
       
      <li>
        <a>
          Mentions légales
        </a>
      </li>
       
      <li>
        <a
          href="https://github.com/etalab/sirene_as_api"
        >
          API
        </a>
      </li>
       
      <li>
        <a
          href="https://status.entreprise.data.gouv.fr"
        >
          Statut des API
        </a>
      </li>
    </ul>
  </div>
</footer>
`;
